** Drc report for out/hushlog.kicad_pcb **
** Created on 2026-10-04 09:53:50 **

** Found 73 DRC violations **
[lib_footprint_issues]: The current configuration does not include the library 'Resistor_SMD'.
    Local override; Severity: warning
    @(112.4000 mm, 110.0000 mm): Footprint R1
[lib_footprint_issues]: The current configuration does not include the library 'TerminalBlock'.
    Local override; Severity: warning
    @(173.9000 mm, 117.5400 mm): Footprint J4
[lib_footprint_issues]: The current configuration does not include the library 'Capacitor_SMD'.
    Local override; Severity: warning
    @(165.4000 mm, 80.4000 mm): Footprint C21
[lib_footprint_issues]: The current configuration does not include the library 'LED_SMD'.
    Local override; Severity: warning
    @(104.0000 mm, 103.0000 mm): Footprint D1
[lib_footprint_issues]: The current configuration does not include the library 'Connector_Card'.
    Local override; Severity: warning
    @(145.0000 mm, 78.8000 mm): Footprint J6
[lib_footprint_issues]: The current configuration does not include the library 'Resistor_SMD'.
    Local override; Severity: warning
    @(134.6000 mm, 118.8000 mm): Footprint R4
[lib_footprint_issues]: The current configuration does not include the library 'Package_TO_SOT_SMD'.
    Local override; Severity: warning
    @(115.0000 mm, 124.0000 mm): Footprint U3
[lib_footprint_issues]: The current configuration does not include the library 'Capacitor_SMD'.
    Local override; Severity: warning
    @(165.4000 mm, 89.6000 mm): Footprint C20
[lib_footprint_issues]: The current configuration does not include the library 'Resistor_SMD'.
    Local override; Severity: warning
    @(144.8000 mm, 90.0000 mm): Footprint R14
[lib_footprint_issues]: The current configuration does not include the library 'Resistor_SMD'.
    Local override; Severity: warning
    @(143.2000 mm, 90.0000 mm): Footprint R13
[lib_footprint_issues]: The current configuration does not include the library 'Capacitor_SMD'.
    Local override; Severity: warning
    @(138.0000 mm, 100.6000 mm): Footprint C3
[lib_footprint_issues]: The current configuration does not include the library 'Resistor_SMD'.
    Local override; Severity: warning
    @(117.6000 mm, 84.0000 mm): Footprint R6
[lib_footprint_issues]: The current configuration does not include the library 'Resistor_SMD'.
    Local override; Severity: warning
    @(168.0000 mm, 117.5400 mm): Footprint R11
[lib_footprint_issues]: The current configuration does not include the library 'MountingHole'.
    Local override; Severity: warning
    @(104.0000 mm, 126.0000 mm): Footprint H3
[lib_footprint_issues]: The current configuration does not include the library 'Capacitor_SMD'.
    Local override; Severity: warning
    @(165.4000 mm, 110.4000 mm): Footprint C24
[lib_footprint_issues]: The current configuration does not include the library 'Capacitor_SMD'.
    Local override; Severity: warning
    @(157.9000 mm, 94.4000 mm): Footprint C25
[lib_footprint_issues]: The current configuration does not include the library 'Button_Switch_SMD'.
    Local override; Severity: warning
    @(129.0000 mm, 125.4000 mm): Footprint SW1
[lib_footprint_issues]: The current configuration does not include the library 'Resistor_SMD'.
    Local override; Severity: warning
    @(117.0000 mm, 78.6000 mm): Footprint R19
[lib_footprint_issues]: The current configuration does not include the library 'Connector_USB'.
    Local override; Severity: warning
    @(103.4000 mm, 114.0000 mm): Footprint J1
[lib_footprint_issues]: The current configuration does not include the library 'Connector_PinHeader_2.54mm'.
    Local override; Severity: warning
    @(140.0000 mm, 126.8000 mm): Footprint J8
[lib_footprint_issues]: The current configuration does not include the library 'Resistor_SMD'.
    Local override; Severity: warning
    @(108.2000 mm, 103.0000 mm): Footprint R20
[lib_footprint_issues]: The current configuration does not include the library 'Resistor_SMD'.
    Local override; Severity: warning
    @(112.4000 mm, 118.0000 mm): Footprint R2
[lib_footprint_issues]: The current configuration does not include the library 'Capacitor_SMD'.
    Local override; Severity: warning
    @(163.4000 mm, 87.0000 mm): Footprint C28
[lib_footprint_issues]: The current configuration does not include the library 'Package_TO_SOT_SMD'.
    Local override; Severity: warning
    @(160.0000 mm, 87.0000 mm): Footprint U5
[lib_footprint_issues]: The current configuration does not include the library 'TerminalBlock'.
    Local override; Severity: warning
    @(173.9000 mm, 102.5400 mm): Footprint J5
[lib_footprint_issues]: The current configuration does not include the library 'Capacitor_SMD'.
    Local override; Severity: warning
    @(165.4000 mm, 119.6000 mm): Footprint C23
[lib_footprint_issues]: The current configuration does not include the library 'Button_Switch_SMD'.
    Local override; Severity: warning
    @(111.5000 mm, 84.0000 mm): Footprint SW2
[lib_footprint_issues]: The current configuration does not include the library 'Capacitor_SMD'.
    Local override; Severity: warning
    @(156.6000 mm, 87.0000 mm): Footprint C27
[lib_footprint_issues]: The current configuration does not include the library 'Capacitor_SMD'.
    Local override; Severity: warning
    @(146.6000 mm, 108.8000 mm): Footprint C14
[lib_footprint_issues]: The current configuration does not include the library 'Capacitor_SMD'.
    Local override; Severity: warning
    @(128.7000 mm, 94.8000 mm): Footprint C12
[lib_footprint_issues]: The current configuration does not include the library 'Capacitor_SMD'.
    Local override; Severity: warning
    @(165.4000 mm, 115.0000 mm): Footprint C22
[lib_footprint_issues]: The current configuration does not include the library 'Resistor_SMD'.
    Local override; Severity: warning
    @(150.4000 mm, 90.0000 mm): Footprint R16
[lib_footprint_issues]: The current configuration does not include the library 'Capacitor_SMD'.
    Local override; Severity: warning
    @(127.2000 mm, 108.4000 mm): Footprint C1
[lib_footprint_issues]: The current configuration does not include the library 'Package_SO'.
    Local override; Severity: warning
    @(141.5000 mm, 113.0000 mm): Footprint U2
[lib_footprint_issues]: The current configuration does not include the library 'Capacitor_SMD'.
    Local override; Severity: warning
    @(159.5000 mm, 94.4000 mm): Footprint C26
[lib_footprint_issues]: The current configuration does not include the library 'Resistor_SMD'.
    Local override; Severity: warning
    @(134.6000 mm, 117.0000 mm): Footprint R3
[lib_footprint_issues]: The current configuration does not include the library 'Resistor_SMD'.
    Local override; Severity: warning
    @(114.4000 mm, 78.6000 mm): Footprint R18
[lib_footprint_issues]: The current configuration does not include the library 'Capacitor_SMD'.
    Local override; Severity: warning
    @(152.6000 mm, 89.6000 mm): Footprint C30
[lib_footprint_issues]: The current configuration does not include the library 'Resistor_SMD'.
    Local override; Severity: warning
    @(168.0000 mm, 87.5400 mm): Footprint R9
[lib_footprint_issues]: The current configuration does not include the library 'Package_DFN_QFN'.
    Local override; Severity: warning
    @(132.0000 mm, 102.0000 mm): Footprint U1
[lib_footprint_issues]: The current configuration does not include the library 'Capacitor_SMD'.
    Local override; Severity: warning
    @(131.8000 mm, 113.4000 mm): Footprint C7
[lib_footprint_issues]: The current configuration does not include the library 'MountingHole'.
    Local override; Severity: warning
    @(176.0000 mm, 126.0000 mm): Footprint H4
[lib_footprint_issues]: The current configuration does not include the library 'Capacitor_SMD'.
    Local override; Severity: warning
    @(137.9000 mm, 106.0000 mm): Footprint C2
[lib_footprint_issues]: The current configuration does not include the library 'Capacitor_SMD'.
    Local override; Severity: warning
    @(125.6000 mm, 104.8000 mm): Footprint C6
[lib_footprint_issues]: The current configuration does not include the library 'MountingHole'.
    Local override; Severity: warning
    @(176.0000 mm, 74.0000 mm): Footprint H2
[lib_footprint_issues]: The current configuration does not include the library 'Resistor_SMD'.
    Local override; Severity: warning
    @(148.8000 mm, 90.0000 mm): Footprint R15
[lib_footprint_issues]: The current configuration does not include the library 'TerminalBlock'.
    Local override; Severity: warning
    @(173.9000 mm, 87.5400 mm): Footprint J3
[lib_footprint_issues]: The current configuration does not include the library 'Connector_PinHeader_2.54mm'.
    Local override; Severity: warning
    @(110.5000 mm, 74.6000 mm): Footprint J7
[lib_footprint_issues]: The current configuration does not include the library 'Capacitor_SMD'.
    Local override; Severity: warning
    @(133.4000 mm, 113.4000 mm): Footprint C13
[lib_footprint_issues]: The current configuration does not include the library 'Capacitor_SMD'.
    Local override; Severity: warning
    @(118.8000 mm, 124.0000 mm): Footprint C18
[lib_footprint_issues]: The current configuration does not include the library 'Capacitor_SMD'.
    Local override; Severity: warning
    @(130.2000 mm, 113.4000 mm): Footprint C8
[lib_footprint_issues]: The current configuration does not include the library 'Resistor_SMD'.
    Local override; Severity: warning
    @(131.8000 mm, 95.2000 mm): Footprint R5
[lib_footprint_issues]: The current configuration does not include the library 'Capacitor_SMD'.
    Local override; Severity: warning
    @(134.2000 mm, 96.0000 mm): Footprint C15
[lib_footprint_issues]: The current configuration does not include the library 'Resistor_SMD'.
    Local override; Severity: warning
    @(141.6000 mm, 90.0000 mm): Footprint R17
[lib_footprint_issues]: The current configuration does not include the library 'Capacitor_SMD'.
    Local override; Severity: warning
    @(146.4000 mm, 90.0000 mm): Footprint C29
[lib_footprint_issues]: The current configuration does not include the library 'Resistor_SMD'.
    Local override; Severity: warning
    @(168.0000 mm, 112.4600 mm): Footprint R12
[lib_footprint_issues]: The current configuration does not include the library 'Resistor_SMD'.
    Local override; Severity: warning
    @(168.0000 mm, 82.4600 mm): Footprint R10
[lib_footprint_issues]: The current configuration does not include the library 'Capacitor_SMD'.
    Local override; Severity: warning
    @(165.4000 mm, 85.0000 mm): Footprint C19
[lib_footprint_issues]: The current configuration does not include the library 'Connector_PinHeader_2.54mm'.
    Local override; Severity: warning
    @(103.2000 mm, 82.0000 mm): Footprint J2
[lib_footprint_issues]: The current configuration does not include the library 'Capacitor_SMD'.
    Local override; Severity: warning
    @(125.6000 mm, 108.4000 mm): Footprint C9
[lib_footprint_issues]: The current configuration does not include the library 'Resistor_SMD'.
    Local override; Severity: warning
    @(122.0000 mm, 111.2000 mm): Footprint R7
[lib_footprint_issues]: The current configuration does not include the library 'MountingHole'.
    Local override; Severity: warning
    @(104.0000 mm, 74.0000 mm): Footprint H1
[lib_footprint_issues]: The current configuration does not include the library 'Resistor_SMD'.
    Local override; Severity: warning
    @(122.0000 mm, 112.9000 mm): Footprint R8
[lib_footprint_issues]: The current configuration does not include the library 'Crystal'.
    Local override; Severity: warning
    @(135.2000 mm, 92.6000 mm): Footprint Y1
[lib_footprint_issues]: The current configuration does not include the library 'Capacitor_SMD'.
    Local override; Severity: warning
    @(124.9000 mm, 97.4000 mm): Footprint C10
[lib_footprint_issues]: The current configuration does not include the library 'Capacitor_SMD'.
    Local override; Severity: warning
    @(111.2000 mm, 124.0000 mm): Footprint C17
[lib_footprint_issues]: The current configuration does not include the library 'Capacitor_SMD'.
    Local override; Severity: warning
    @(139.0000 mm, 91.4000 mm): Footprint C16
[lib_footprint_issues]: The current configuration does not include the library 'Capacitor_SMD'.
    Local override; Severity: warning
    @(130.2000 mm, 94.8000 mm): Footprint C4
[lib_footprint_issues]: The current configuration does not include the library 'Capacitor_SMD'.
    Local override; Severity: warning
    @(125.6000 mm, 100.8000 mm): Footprint C5
[lib_footprint_issues]: The current configuration does not include the library 'Capacitor_SMD'.
    Local override; Severity: warning
    @(128.8000 mm, 108.4000 mm): Footprint C11
[lib_footprint_issues]: The current configuration does not include the library 'Package_SO'.
    Local override; Severity: warning
    @(159.0000 mm, 100.0000 mm): Footprint U4
[silk_edge_clearance]: Silkscreen clipped by board edge
    Rule: board setup constraints silk; Severity: warning
    @(100.0000 mm, 70.0000 mm): Rect on Edge.Cuts
    @(101.4000 mm, 109.3000 mm): Line on F.Silkscreen
[silk_edge_clearance]: Silkscreen clipped by board edge
    Rule: board setup constraints silk; Severity: warning
    @(100.0000 mm, 70.0000 mm): Rect on Edge.Cuts
    @(101.4000 mm, 118.7000 mm): Line on F.Silkscreen

** Found 0 unconnected pads **

** Found 0 Footprint errors **

** End of Report **
