ERC report (2026-10-03T19:41:24, Encoding UTF8)
Report includes: Errors, Warnings

***** Sheet /
[pin_not_connected]: Pin not connected
    ; error
    @(2000 mils, 4400 mils): Symbol #PWR12 Pin 1 [Power input, Line]
[pin_not_connected]: Pin not connected
    ; error
    @(6800 mils, 2350 mils): Symbol U1 Pin 2 [GPIO0, Bidirectional, Line]
[pin_not_connected]: Pin not connected
    ; error
    @(6800 mils, 2450 mils): Symbol U1 Pin 3 [GPIO1, Bidirectional, Line]
[pin_not_connected]: Pin not connected
    ; error
    @(6800 mils, 3050 mils): Symbol U1 Pin 9 [GPIO7, Bidirectional, Line]
[pin_not_connected]: Pin not connected
    ; error
    @(6800 mils, 3150 mils): Symbol U1 Pin 11 [GPIO8, Bidirectional, Line]
[pin_not_connected]: Pin not connected
    ; error
    @(6800 mils, 3250 mils): Symbol U1 Pin 12 [GPIO9, Bidirectional, Line]
[pin_not_connected]: Pin not connected
    ; error
    @(6800 mils, 3950 mils): Symbol U1 Pin 27 [GPIO16, Bidirectional, Line]
[pin_not_connected]: Pin not connected
    ; error
    @(6800 mils, 4050 mils): Symbol U1 Pin 28 [GPIO17, Bidirectional, Line]
[pin_not_connected]: Pin not connected
    ; error
    @(6800 mils, 4150 mils): Symbol U1 Pin 29 [GPIO18, Bidirectional, Line]
[pin_not_connected]: Pin not connected
    ; error
    @(6800 mils, 4250 mils): Symbol U1 Pin 30 [GPIO19, Bidirectional, Line]
[pin_not_connected]: Pin not connected
    ; error
    @(6800 mils, 4350 mils): Symbol U1 Pin 31 [GPIO20, Bidirectional, Line]
[pin_not_connected]: Pin not connected
    ; error
    @(6800 mils, 4450 mils): Symbol U1 Pin 32 [GPIO21, Bidirectional, Line]
[pin_not_connected]: Pin not connected
    ; error
    @(6800 mils, 4550 mils): Symbol U1 Pin 34 [GPIO22, Bidirectional, Line]
[pin_not_connected]: Pin not connected
    ; error
    @(6800 mils, 4650 mils): Symbol U1 Pin 35 [GPIO23, Bidirectional, Line]
[pin_not_connected]: Pin not connected
    ; error
    @(6800 mils, 4750 mils): Symbol U1 Pin 36 [GPIO24, Bidirectional, Line]
[pin_not_connected]: Pin not connected
    ; error
    @(6800 mils, 4850 mils): Symbol U1 Pin 37 [GPIO25, Bidirectional, Line]
[pin_not_connected]: Pin not connected
    ; error
    @(6800 mils, 5050 mils): Symbol U1 Pin 38 [GPIO26/ADC0, Bidirectional, Line]
[pin_not_connected]: Pin not connected
    ; error
    @(6800 mils, 5150 mils): Symbol U1 Pin 39 [GPIO27/ADC1, Bidirectional, Line]
[pin_not_connected]: Pin not connected
    ; error
    @(6800 mils, 5250 mils): Symbol U1 Pin 40 [GPIO28/ADC2, Bidirectional, Line]
[pin_not_connected]: Pin not connected
    ; error
    @(6800 mils, 5350 mils): Symbol U1 Pin 41 [GPIO29/ADC3, Bidirectional, Line]
[lib_symbol_issues]: Symbol 'TPS7A2033PDBV' not found in symbol library 'Regulator_Linear'
    ; warning
    @(7500 mils, 7600 mils): Symbol U5 [TPS7A2033PDBV]

 ** ERC messages: 21  Errors 20  Warnings 1

 ** Ignored checks:
    - Global label only appears once in the schematic
    - Four connection points are joined together
    - SPICE model issue
    - Assigned footprint doesn't match footprint filters
